src/main.tsx(3,17): error TS5097: An import path can only end with a '.tsx' extension when 'allowImportingTsExtensions' is enabled.
src/pages/Statistics.tsx(81,79): error TS2322: Type '{ children: Element[]; className: string; style: { background: string; }; }' is not assignable to type 'IntrinsicAttributes & CardProps'.
  Property 'style' does not exist on type 'IntrinsicAttributes & CardProps'.
